Component: ARM Compiler 5.05 update 2 (build 169) Tool: armlink [4d0f33]

==============================================================================

Section Cross References

    main.o(.text) refers to _printf_percent.o(.ARM.Collect$$_printf_percent$$00000000) for _printf_percent
    main.o(.text) refers to _printf_f.o(.ARM.Collect$$_printf_percent$$00000003) for _printf_f
    main.o(.text) refers to printf1.o(x$fpl$printf1) for _printf_fp_dec
    main.o(.text) refers to _printf_i.o(.ARM.Collect$$_printf_percent$$00000008) for _printf_i
    main.o(.text) refers to _printf_dec.o(.text) for _printf_int_dec
    main.o(.text) refers to f2d.o(x$fpl$f2d) for __aeabi_f2d
    main.o(.text) refers to noretval__2printf.o(.text) for __2printf
    main.o(.text) refers to h1_alloc.o(.text) for malloc
    main.o(.text) refers to arm_mat_init_f32.o(.text) for arm_mat_init_f32
    main.o(.text) refers to arm_mat_trans_f32.o(.text) for arm_mat_trans_f32
    main.o(.text) refers to arm_mat_mult_f32.o(.text) for arm_mat_mult_f32
    main.o(.text) refers to arm_copy_f32.o(.text) for arm_copy_f32
    main.o(.text) refers to arm_mat_add_f32.o(.text) for arm_mat_add_f32
    main.o(.text) refers to main.o(.bss) for identity_mx
    main.o(.text) refers to main.o(.constdata) for matrix_z
    main.o(.text) refers to arm_mat_inverse_f32.o(.text) for arm_mat_inverse_f32
    main.o(.text) refers to arm_mat_sub_f32.o(.text) for arm_mat_sub_f32
    main.o(.text) refers to h1_free.o(.text) for free
    kalmanfilter_test.o(test) refers to setupkalman.o(test) for inputdata
    kalmanfilter_test.o(test) refers to assembly.o(kalman) for kalmanfilterasm
    startup_stm32f407xx.o(STACK) refers (Special) to heapauxi.o(.text) for __use_two_region_memory
    startup_stm32f407xx.o(HEAP) refers (Special) to heapauxi.o(.text) for __use_two_region_memory
    startup_stm32f407xx.o(RESET) refers (Special) to heapauxi.o(.text) for __use_two_region_memory
    startup_stm32f407xx.o(RESET) refers to startup_stm32f407xx.o(STACK) for __initial_sp
    startup_stm32f407xx.o(RESET) refers to startup_stm32f407xx.o(.text) for Reset_Handler
    startup_stm32f407xx.o(.text) refers (Special) to heapauxi.o(.text) for __use_two_region_memory
    startup_stm32f407xx.o(.text) refers to system_stm32f4xx.o(.text) for SystemInit
    startup_stm32f407xx.o(.text) refers to __main.o(!!!main) for __main
    startup_stm32f407xx.o(.text) refers to startup_stm32f407xx.o(HEAP) for Heap_Mem
    startup_stm32f407xx.o(.text) refers to startup_stm32f407xx.o(STACK) for Stack_Mem
    system_stm32f4xx.o(.text) refers to system_stm32f4xx.o(.data) for SystemCoreClock
    system_stm32f4xx.o(.text) refers to system_stm32f4xx.o(.constdata) for AHBPrescTable
    malloc.o(.text) refers (Special) to hguard.o(.text) for __heap$guard
    malloc.o(.text) refers (Special) to init_alloc.o(.text) for _init_alloc
    malloc.o(.text) refers to rt_heap_descriptor_intlibspace.o(.text) for __rt_heap_descriptor
    malloc.o(.text) refers to heapstubs.o(.text) for __Heap_Alloc
    free.o(.text) refers (Special) to hguard.o(.text) for __heap$guard
    free.o(.text) refers to rt_heap_descriptor_intlibspace.o(.text) for __rt_heap_descriptor
    free.o(.text) refers to heapstubs.o(.text) for __Heap_Free
    h1_alloc.o(.text) refers (Special) to h1_init.o(.text) for __Heap_Initialize
    h1_alloc.o(.text) refers to rt_heap_descriptor_intlibspace.o(.text) for __rt_heap_descriptor
    h1_alloc.o(.text) refers to init_alloc.o(.text) for __Heap_Full
    h1_free.o(.text) refers to rt_heap_descriptor_intlibspace.o(.text) for __rt_heap_descriptor
    h1_alloc_mt.o(.text) refers (Special) to h1_init.o(.text) for __Heap_Initialize
    h1_alloc_mt.o(.text) refers to init_alloc.o(.text) for __Heap_Full
    h1_alloc_mt.o(.text) refers to rt_heap_descriptor_intlibspace.o(.text) for __rt_heap_descriptor
    h1_free_mt.o(.text) refers to rt_heap_descriptor_intlibspace.o(.text) for __rt_heap_descriptor
    heap2.o(i._FDIterate) refers to heap2.o(.conststring) for .conststring
    heap2.o(i.___Heap_ProvideMemory$realtime) refers to fdtree.o(i._FDTree_Delete) for _FDTree_Delete
    heap2.o(i.___Heap_ProvideMemory$realtime) refers to fdtree.o(i._FDTree_Insert) for _FDTree_Insert
    heap2.o(i.___Heap_Stats$realtime) refers to heap2.o(i._Heap2_StatsIterate) for _Heap2_StatsIterate
    heap2.o(i.___Heap_Valid$realtime) refers to heap2.o(i._FDIterate) for _FDIterate
    heap2.o(i.___Heap_Valid$realtime) refers to heap2.o(.conststring) for .conststring
    heap2.o(i._free$realtime) refers to rt_heap_descriptor_intlibspace.o(.text) for __rt_heap_descriptor
    heap2.o(i._free$realtime) refers to fdtree.o(i._FDTree_Delete) for _FDTree_Delete
    heap2.o(i._free$realtime) refers to fdtree.o(i._FDTree_Insert) for _FDTree_Insert
    heap2.o(i._malloc$realtime) refers to rt_heap_descriptor_intlibspace.o(.text) for __rt_heap_descriptor
[...]
    ../clib/angel/scatter.s                  0x00000000   Number         0  __scatter.o ABSOLUTE
    ../clib/angel/startup.s                  0x00000000   Number         0  __main.o ABSOLUTE
    ../clib/angel/sys.s                      0x00000000   Number         0  use_no_semi.o ABSOLUTE
    ../clib/angel/sys.s                      0x00000000   Number         0  indicate_semi.o ABSOLUTE
    ../clib/angel/sys.s                      0x00000000   Number         0  sys_stackheap_outer.o ABSOLUTE
    ../clib/angel/sys.s                      0x00000000   Number         0  libspace.o ABSOLUTE
    ../clib/angel/sys.s                      0x00000000   Number         0  mutex_dummy.o ABSOLUTE
    ../clib/angel/sysapp.c                   0x00000000   Number         0  sys_io.o ABSOLUTE
    ../clib/angel/sysapp.c                   0x00000000   Number         0  sys_command.o ABSOLUTE
    ../clib/angel/sysapp.c                   0x00000000   Number         0  sys_exit.o ABSOLUTE
    ../clib/angel/sysapp.c                   0x00000000   Number         0  sys_wrch.o ABSOLUTE
    ../clib/armsys.c                         0x00000000   Number         0  argv_veneer.o ABSOLUTE
    ../clib/armsys.c                         0x00000000   Number         0  argv_veneer.o ABSOLUTE
    ../clib/armsys.c                         0x00000000   Number         0  no_argv.o ABSOLUTE
    ../clib/armsys.c                         0x00000000   Number         0  _get_argv.o ABSOLUTE
    ../clib/armsys.c                         0x00000000   Number         0  _get_argv_nomalloc.o ABSOLUTE
    ../clib/bigflt.c                         0x00000000   Number         0  bigflt0.o ABSOLUTE
    ../clib/btod.s                           0x00000000   Number         0  btod.o ABSOLUTE
    ../clib/fenv.c                           0x00000000   Number         0  _fptrap.o ABSOLUTE
    ../clib/heap1.c                          0x00000000   Number         0  h1_final.o ABSOLUTE
    ../clib/heap1.c                          0x00000000   Number         0  h1_extend_mt.o ABSOLUTE
    ../clib/heap1.c                          0x00000000   Number         0  h1_final_mt.o ABSOLUTE
    ../clib/heap1.c                          0x00000000   Number         0  h1_alloc.o ABSOLUTE
    ../clib/heap1.c                          0x00000000   Number         0  h1_init.o ABSOLUTE
    ../clib/heap1.c                          0x00000000   Number         0  h1_alloc_mt.o ABSOLUTE
    ../clib/heap1.c                          0x00000000   Number         0  h1_free_mt.o ABSOLUTE
    ../clib/heap1.c                          0x00000000   Number         0  h1_extend.o ABSOLUTE
    ../clib/heap1.c                          0x00000000   Number         0  h1_init_mt.o ABSOLUTE
    ../clib/heap1.c                          0x00000000   Number         0  h1_free.o ABSOLUTE
    ../clib/heap2.c                          0x00000000   Number         0  fdtree.o ABSOLUTE
    ../clib/heap2.c                          0x00000000   Number         0  heap2.o ABSOLUTE
    ../clib/heap2.c                          0x00000000   Number         0  heap2mt.o ABSOLUTE
    ../clib/heapalloc.c                      0x00000000   Number         0  maybetermalloc2.o ABSOLUTE
    ../clib/heapalloc.c                      0x00000000   Number         0  maybetermalloc2.o ABSOLUTE
    ../clib/heapalloc.c                      0x00000000   Number         0  term_alloc.o ABSOLUTE
    ../clib/heapalloc.c                      0x00000000   Number         0  maybetermalloc1.o ABSOLUTE
    ../clib/heapalloc.c                      0x00000000   Number         0  malloc.o ABSOLUTE
    ../clib/heapalloc.c                      0x00000000   Number         0  free.o ABSOLUTE
    ../clib/heapalloc.c                      0x00000000   Number         0  hrguard.o ABSOLUTE
    ../clib/heapalloc.c                      0x00000000   Number         0  heapstubs.o ABSOLUTE
    ../clib/heapalloc.c                      0x00000000   Number         0  init_alloc.o ABSOLUTE
    ../clib/heapalloc.c                      0x00000000   Number         0  maybetermalloc1.o ABSOLUTE
    ../clib/heapalloc.c                      0x00000000   Number         0  hguard.o ABSOLUTE
    ../clib/heapaux.c                        0x00000000   Number         0  heapauxi.o ABSOLUTE
    ../clib/heapaux.c                        0x00000000   Number         0  heapauxa.o ABSOLUTE
    ../clib/libinit.s                        0x00000000   Number         0  libshutdown2.o ABSOLUTE
    ../clib/libinit.s                        0x00000000   Number         0  libinit.o ABSOLUTE
    ../clib/libinit.s                        0x00000000   Number         0  libshutdown.o ABSOLUTE
    ../clib/libinit.s                        0x00000000   Number         0  libinit2.o ABSOLUTE
    ../clib/locale.s                         0x00000000   Number         0  lc_numeric_c.o ABSOLUTE
    ../clib/longlong.s                       0x00000000   Number         0  lludiv10.o ABSOLUTE
    ../clib/memcpset.s                       0x00000000   Number         0  rt_memclr_w.o ABSOLUTE
    ../clib/memcpset.s                       0x00000000   Number         0  rt_memcpy_w.o ABSOLUTE
    ../clib/memcpset.s                       0x00000000   Number         0  strcmpv7m.o ABSOLUTE
    ../clib/printf.c                         0x00000000   Number         0  __printf_flags_ss.o ABSOLUTE
    ../clib/printf.c                         0x00000000   Number         0  noretval__2printf.o ABSOLUTE
    ../clib/printf.c                         0x00000000   Number         0  _printf_dec.o ABSOLUTE
    ../clib/printf.c                         0x00000000   Number         0  __printf_nopercent.o ABSOLUTE
    ../clib/printf.c                         0x00000000   Number         0  __2printf.o ABSOLUTE
    ../clib/printf.c                         0x00000000   Number         0  __printf_flags_ss_wp.o ABSOLUTE
    ../clib/printf.c                         0x00000000   Number         0  __printf_ss_wp.o ABSOLUTE
    ../clib/printf.c                         0x00000000   Number         0  __printf_flags_wp.o ABSOLUTE
    ../clib/printf.c                         0x00000000   Number         0  _printf_intcommon.o ABSOLUTE
    ../clib/printf.c                         0x00000000   Number         0  __printf.o ABSOLUTE
    ../clib/printf.c                         0x00000000   Number         0  __printf_wp.o ABSOLUTE
    ../clib/printf.c                         0x00000000   Number         0  _printf_fp_dec.o ABSOLUTE
    ../clib/printf.c                         0x00000000   Number         0  __printf_flags.o ABSOLUTE
    ../clib/printf.c                         0x00000000   Number         0  _printf_char_common.o ABSOLUTE
    ../clib/printf.c                         0x00000000   Number         0  _printf_fp_infnan.o ABSOLUTE
    ../clib/printf.c                         0x00000000   Number         0  _printf_char_file.o ABSOLUTE
    ../clib/printf.c                         0x00000000   Number         0  __printf_ss.o ABSOLUTE
    ../clib/printf_percent.s                 0x00000000   Number         0  _printf_percent.o ABSOLUTE
    ../clib/printf_percent.s                 0x00000000   Number         0  _printf_f.o ABSOLUTE
    ../clib/printf_percent.s                 0x00000000   Number         0  _printf_i.o ABSOLUTE
    ../clib/printf_percent.s                 0x00000000   Number         0  _printf_percent_end.o ABSOLUTE
    ../clib/signal.c                         0x00000000   Number         0  defsig_rtred_formal.o ABSOLUTE
    ../clib/signal.c                         0x00000000   Number         0  defsig_rtred_outer.o ABSOLUTE
    ../clib/signal.c                         0x00000000   Number         0  defsig_stak_inner.o ABSOLUTE
    ../clib/signal.c                         0x00000000   Number         0  defsig_fpe_inner.o ABSOLUTE
    ../clib/signal.c                         0x00000000   Number         0  defsig_other.o ABSOLUTE
    ../clib/signal.c                         0x00000000   Number         0  defsig_segv_inner.o ABSOLUTE
    ../clib/signal.c                         0x00000000   Number         0  defsig_cppl_inner.o ABSOLUTE
    ../clib/signal.c                         0x00000000   Number         0  defsig_pvfn_inner.o ABSOLUTE
    ../clib/signal.c                         0x00000000   Number         0  defsig_abrt_inner.o ABSOLUTE
    ../clib/signal.c                         0x00000000   Number         0  defsig_rtmem_outer.o ABSOLUTE
    ../clib/signal.c                         0x00000000   Number         0  defsig_fpe_outer.o ABSOLUTE
    ../clib/signal.c                         0x00000000   Number         0  defsig_general.o ABSOLUTE
    ../clib/signal.c                         0x00000000   Number         0  defsig_rtmem_formal.o ABSOLUTE
    ../clib/signal.c                         0x00000000   Number         0  defsig_fpe_formal.o ABSOLUTE
    ../clib/signal.c                         0x00000000   Number         0  defsig_rtmem_inner.o ABSOLUTE
    ../clib/signal.c                         0x00000000   Number         0  defsig_rtred_inner.o ABSOLUTE
    ../clib/signal.c                         0x00000000   Number         0  __raise.o ABSOLUTE
    ../clib/signal.c                         0x00000000   Number         0  defsig_exit.o ABSOLUTE
    ../clib/signal.s                         0x00000000   Number         0  defsig.o ABSOLUTE
    ../clib/stdio.c                          0x00000000   Number         0  fopen.o ABSOLUTE
    ../clib/stdio.c                          0x00000000   Number         0  ferror.o ABSOLUTE
    ../clib/stdio.c                          0x00000000   Number         0  initio.o ABSOLUTE
    ../clib/stdio.c                          0x00000000   Number         0  ferror_locked.o ABSOLUTE
    ../clib/stdio.c                          0x00000000   Number         0  initio_locked.o ABSOLUTE
    ../clib/stdio.c                          0x00000000   Number         0  ftell.o ABSOLUTE
    ../clib/stdio.c                          0x00000000   Number         0  stdio_streams.o ABSOLUTE
    ../clib/stdio.c                          0x00000000   Number         0  fopen_locked.o ABSOLUTE
    ../clib/stdio.c                          0x00000000   Number         0  setvbuf_locked.o ABSOLUTE
    ../clib/stdio.c                          0x00000000   Number         0  fclose.o ABSOLUTE
    ../clib/stdio.c                          0x00000000   Number         0  setvbuf.o ABSOLUTE
    ../clib/stdio.c                          0x00000000   Number         0  stdio.o ABSOLUTE
    ../clib/stdio.c                          0x00000000   Number         0  streamlock.o ABSOLUTE
    ../clib/stdio.c                          0x00000000   Number         0  fseek.o ABSOLUTE
    ../clib/stdlib.c                         0x00000000   Number         0  exit.o ABSOLUTE
    ../clib/string.c                         0x00000000   Number         0  strlen.o ABSOLUTE
    ../fplib/dflt.s                          0x00000000   Number         0  dflt_clz.o ABSOLUTE
    ../fplib/dretinf.s                       0x00000000   Number         0  dretinf.o ABSOLUTE
    ../fplib/except.s                        0x00000000   Number         0  except.o ABSOLUTE
    ../fplib/f2d.s                           0x00000000   Number         0  f2d.o ABSOLUTE
    ../fplib/fnaninf.s                       0x00000000   Number         0  fnaninf.o ABSOLUTE
    ../fplib/fpinit.s                        0x00000000   Number         0  fpinit.o ABSOLUTE
    ../fplib/funder.s                        0x00000000   Number         0  funder_clz.o ABSOLUTE
    ../fplib/istatus.s                       0x00000000   Number         0  istatus.o ABSOLUTE
    ../fplib/printf1.s                       0x00000000   Number         0  printf1.o ABSOLUTE
    ../fplib/retnan.s                        0x00000000   Number         0  retnan.o ABSOLUTE
    ../fplib/trapv.s                         0x00000000   Number         0  trapv.o ABSOLUTE
    ../fplib/usenofp.s                       0x00000000   Number         0  usenofp.o ABSOLUTE
    ../mathlib/fpclassify.c                  0x00000000   Number         0  fpclassify.o ABSOLUTE
    ..\..\Source\MatrixFunctions\arm_mat_add_f32.c 0x00000000   Number         0  arm_mat_add_f32.o ABSOLUTE
    ..\..\Source\MatrixFunctions\arm_mat_init_f32.c 0x00000000   Number         0  arm_mat_init_f32.o ABSOLUTE
    ..\..\Source\MatrixFunctions\arm_mat_inverse_f32.c 0x00000000   Number         0  arm_mat_inverse_f32.o ABSOLUTE
    ..\..\Source\MatrixFunctions\arm_mat_mult_f32.c 0x00000000   Number         0  arm_mat_mult_f32.o ABSOLUTE
    ..\..\Source\MatrixFunctions\arm_mat_sub_f32.c 0x00000000   Number         0  arm_mat_sub_f32.o ABSOLUTE
    ..\..\Source\MatrixFunctions\arm_mat_trans_f32.c 0x00000000   Number         0  arm_mat_trans_f32.o ABSOLUTE
    ..\..\Source\SupportFunctions\arm_copy_f32.c 0x00000000   Number         0  arm_copy_f32.o ABSOLUTE
    ..\\..\\Source\\MatrixFunctions\\arm_mat_add_f32.c 0x00000000   Number         0  arm_mat_add_f32.o ABSOLUTE
    ..\\..\\Source\\MatrixFunctions\\arm_mat_init_f32.c 0x00000000   Number         0  arm_mat_init_f32.o ABSOLUTE
    ..\\..\\Source\\MatrixFunctions\\arm_mat_inverse_f32.c 0x00000000   Number         0  arm_mat_inverse_f32.o ABSOLUTE
    ..\\..\\Source\\MatrixFunctions\\arm_mat_mult_f32.c 0x00000000   Number         0  arm_mat_mult_f32.o ABSOLUTE
    ..\\..\\Source\\MatrixFunctions\\arm_mat_sub_f32.c 0x00000000   Number         0  arm_mat_sub_f32.o ABSOLUTE
    ..\\..\\Source\\MatrixFunctions\\arm_mat_trans_f32.c 0x00000000   Number         0  arm_mat_trans_f32.o ABSOLUTE
    ..\\..\\Source\\SupportFunctions\\arm_copy_f32.c 0x00000000   Number         0  arm_copy_f32.o ABSOLUTE
    Kalmanfilter_test.s                      0x00000000   Number         0  kalmanfilter_test.o ABSOLUTE
    RTE\Device\STM32F407VGTx\startup_stm32f407xx.s 0x00000000   Number         0  startup_stm32f407xx.o ABSOLUTE
    RTE\Device\STM32F407VGTx\system_stm32f4xx.c 0x00000000   Number         0  system_stm32f4xx.o ABSOLUTE
    RTE\\Device\\STM32F407VGTx\\system_stm32f4xx.c 0x00000000   Number         0  system_stm32f4xx.o ABSOLUTE
    Sources\Assembly.s                       0x00000000   Number         0  assembly.o ABSOLUTE
    Sources\\fput_debug.c                    0x00000000   Number         0  fput_debug.o ABSOLUTE
    Sources\\main.c                          0x00000000   Number         0  main.o ABSOLUTE
    Sources\fput_debug.c                     0x00000000   Number         0  fput_debug.o ABSOLUTE
    Sources\main.c                           0x00000000   Number         0  main.o ABSOLUTE
    dc.s                                     0x00000000   Number         0  dc.o ABSOLUTE
    setupkalman.s                            0x00000000   Number         0  setupkalman.o ABSOLUTE
    RESET                                    0x08000000   Section      392  startup_stm32f407xx.o(RESET)
    !!!main                                  0x08000188   Section        8  __main.o(!!!main)
    !!!scatter                               0x08000190   Section       52  __scatter.o(!!!scatter)
    !!handler_copy                           0x080001c4   Section       26  __scatter_copy.o(!!handler_copy)
    !!handler_zi                             0x080001e0   Section       28  __scatter_zi.o(!!handler_zi)
    .ARM.Collect$$_printf_percent$$00000000  0x080001fc   Section        0  _printf_percent.o(.ARM.Collect$$_printf_percent$$00000000)
    .ARM.Collect$$_printf_percent$$00000003  0x080001fc   Section        6  _printf_f.o(.ARM.Collect$$_printf_percent$$00000003)
    .ARM.Collect$$_printf_percent$$00000008  0x08000202   Section        6  _printf_i.o(.ARM.Collect$$_printf_percent$$00000008)
    .ARM.Collect$$_printf_percent$$00000017  0x08000208   Section        4  _printf_percent_end.o(.ARM.Collect$$_printf_percent$$00000017)
    .ARM.Collect$$libinit$$00000000          0x0800020c   Section        2  libinit.o(.ARM.Collect$$libinit$$00000000)
    .ARM.Collect$$libinit$$00000001          0x0800020e   Section        4  libinit2.o(.ARM.Collect$$libinit$$00000001)
    .ARM.Collect$$libinit$$00000004          0x08000212   Section        0  libinit2.o(.ARM.Collect$$libinit$$00000004)
    .ARM.Collect$$libinit$$00000005          0x08000212   Section        8  libinit2.o(.ARM.Collect$$libinit$$00000005)
    .ARM.Collect$$libinit$$0000000A          0x0800021a   Section        0  libinit2.o(.ARM.Collect$$libinit$$0000000A)
    .ARM.Collect$$libinit$$0000000C          0x0800021a   Section        0  libinit2.o(.ARM.Collect$$libinit$$0000000C)
    .ARM.Collect$$libinit$$0000000E          0x0800021a   Section        0  libinit2.o(.ARM.Collect$$libinit$$0000000E)
    .ARM.Collect$$libinit$$0000000F          0x0800021a   Section        6  libinit2.o(.ARM.Collect$$libinit$$0000000F)
    .ARM.Collect$$libinit$$00000011          0x08000220   Section        0  libinit2.o(.ARM.Collect$$libinit$$00000011)
    .ARM.Collect$$libinit$$00000013          0x08000220   Section        0  libinit2.o(.ARM.Collect$$libinit$$00000013)
    .ARM.Collect$$libinit$$00000015          0x08000220   Section        0  libinit2.o(.ARM.Collect$$libinit$$00000015)
    .ARM.Collect$$libinit$$00000016          0x08000220   Section       10  libinit2.o(.ARM.Collect$$libinit$$00000016)
    .ARM.Collect$$libinit$$00000017          0x0800022a   Section        0  libinit2.o(.ARM.Collect$$libinit$$00000017)
    .ARM.Collect$$libinit$$00000019          0x0800022a   Section        0  libinit2.o(.ARM.Collect$$libinit$$00000019)
    .ARM.Collect$$libinit$$0000001B          0x0800022a   Section        0  libinit2.o(.ARM.Collect$$libinit$$0000001B)
    .ARM.Collect$$libinit$$0000001D          0x0800022a   Section        0  libinit2.o(.ARM.Collect$$libinit$$0000001D)
    .ARM.Collect$$libinit$$0000001F          0x0800022a   Section        0  libinit2.o(.ARM.Collect$$libinit$$0000001F)
    .ARM.Collect$$libinit$$00000021          0x0800022a   Section        0  libinit2.o(.ARM.Collect$$libinit$$00000021)
    .ARM.Collect$$libinit$$00000023          0x0800022a   Section        0  libinit2.o(.ARM.Collect$$libinit$$00000023)
    .ARM.Collect$$libinit$$00000024          0x0800022a   Section        4  libinit2.o(.ARM.Collect$$libinit$$00000024)
    .ARM.Collect$$libinit$$00000025          0x0800022e   Section        0  libinit2.o(.ARM.Collect$$libinit$$00000025)
    .ARM.Collect$$libinit$$0000002C          0x0800022e   Section        0  libinit2.o(.ARM.Collect$$libinit$$0000002C)
    .ARM.Collect$$libinit$$0000002E          0x0800022e   Section        0  libinit2.o(.ARM.Collect$$libinit$$0000002E)
    .ARM.Collect$$libinit$$00000030          0x0800022e   Section        0  libinit2.o(.ARM.Collect$$libinit$$00000030)
    .ARM.Collect$$libinit$$00000032          0x0800022e   Section        0  libinit2.o(.ARM.Collect$$libinit$$00000032)
    .ARM.Collect$$libinit$$00000033          0x0800022e   Section        2  libinit2.o(.ARM.Collect$$libinit$$00000033)
    .ARM.Collect$$libshutdown$$00000000      0x08000230   Section        2  libshutdown.o(.ARM.Collect$$libshutdown$$00000000)
    .ARM.Collect$$libshutdown$$00000002      0x08000232   Section        4  libshutdown2.o(.ARM.Collect$$libshutdown$$00000002)
    .ARM.Collect$$libshutdown$$00000003      0x08000236   Section        0  libshutdown2.o(.ARM.Collect$$libshutdown$$00000003)
    .ARM.Collect$$libshutdown$$00000006      0x08000236   Section        0  libshutdown2.o(.ARM.Collect$$libshutdown$$00000006)
    .ARM.Collect$$libshutdown$$00000009      0x08000236   Section        0  libshutdown2.o(.ARM.Collect$$libshutdown$$00000009)
    .ARM.Collect$$libshutdown$$0000000B      0x08000236   Section        0  libshutdown2.o(.ARM.Collect$$libshutdown$$0000000B)
    .ARM.Collect$$libshutdown$$0000000E      0x08000236   Section        0  libshutdown2.o(.ARM.Collect$$libshutdown$$0000000E)
    .ARM.Collect$$libshutdown$$0000000F      0x08000236   Section        2  libshutdown2.o(.ARM.Collect$$libshutdown$$0000000F)
    .ARM.Collect$$rtentry$$00000000          0x08000238   Section        0  __rtentry.o(.ARM.Collect$$rtentry$$00000000)
    .ARM.Collect$$rtentry$$00000002          0x08000238   Section        0  __rtentry2.o(.ARM.Collect$$rtentry$$00000002)
    .ARM.Collect$$rtentry$$00000004          0x08000238   Section        6  __rtentry4.o(.ARM.Collect$$rtentry$$00000004)
    .ARM.Collect$$rtentry$$00000009          0x0800023e   Section        0  __rtentry2.o(.ARM.Collect$$rtentry$$00000009)
    .ARM.Collect$$rtentry$$0000000A          0x0800023e   Section        4  __rtentry2.o(.ARM.Collect$$rtentry$$0000000A)
    .ARM.Collect$$rtentry$$0000000C          0x08000242   Section        0  __rtentry2.o(.ARM.Collect$$rtentry$$0000000C)
    .ARM.Collect$$rtentry$$0000000D          0x08000242   Section        8  __rtentry2.o(.ARM.Collect$$rtentry$$0000000D)
    .ARM.Collect$$rtexit$$00000000           0x0800024a   Section        2  rtexit.o(.ARM.Collect$$rtexit$$00000000)
    .ARM.Collect$$rtexit$$00000002           0x0800024c   Section        0  rtexit2.o(.ARM.Collect$$rtexit$$00000002)
    .ARM.Collect$$rtexit$$00000003           0x0800024c   Section        4  rtexit2.o(.ARM.Collect$$rtexit$$00000003)
    .ARM.Collect$$rtexit$$00000004           0x08000250   Section        6  rtexit2.o(.ARM.Collect$$rtexit$$00000004)
    .emb_text                                0x08000258   Section        0  maybetermalloc1.o(.emb_text)
    .text                                    0x08000258   Section        0  main.o(.text)
    .text                                    0x08000ac0   Section        0  fput_debug.o(.text)
    .text                                    0x08000af8   Section       92  startup_stm32f407xx.o(.text)
    $v0                                      0x08000af8   Number         0  startup_stm32f407xx.o(.text)
    .text                                    0x08000b54   Section        0  system_stm32f4xx.o(.text)
    .text                                    0x08000c74   Section        0  arm_mat_add_f32.o(.text)
    .text                                    0x08000d7c   Section        0  arm_mat_init_f32.o(.text)
    .text                                    0x08000d84   Section        0  arm_mat_inverse_f32.o(.text)
    .text                                    0x080012b4   Section        0  arm_mat_mult_f32.o(.text)
    .text                                    0x080013f0   Section        0  arm_mat_sub_f32.o(.text)
    .text                                    0x080014f8   Section        0  arm_mat_trans_f32.o(.text)
    .text                                    0x0800160c   Section        0  arm_copy_f32.o(.text)
    .text                                    0x08001690   Section        0  h1_alloc.o(.text)
    .text                                    0x080016ee   Section        0  h1_free.o(.text)
    .text                                    0x0800173c   Section        0  noretval__2printf.o(.text)
    .text                                    0x08001754   Section        0  __printf.o(.text)
    .text                                    0x080017bc   Section        0  _printf_dec.o(.text)
    .text                                    0x08001834   Section        0  heapauxi.o(.text)
    .text                                    0x0800183c   Section        8  rt_heap_descriptor_intlibspace.o(.text)
    .text                                    0x08001844   Section        0  hguard.o(.text)
    .text                                    0x08001848   Section        0  init_alloc.o(.text)
    .text                                    0x080018d2   Section        0  h1_init.o(.text)
    .text                                    0x080018e0   Section        0  _printf_intcommon.o(.text)
    .text                                    0x08001992   Section        0  _printf_fp_dec.o(.text)
    _fp_digits                               0x08001995   Thumb Code   428  _printf_fp_dec.o(.text)
    .text                                    0x08001dac   Section        0  _printf_char_file.o(.text)
    .text                                    0x08001dd0   Section        8  libspace.o(.text)
    .text                                    0x08001dd8   Section        8  rt_locale_intlibspace.o(.text)
    .text                                    0x08001de0   Section        0  h1_extend.o(.text)
    .text                                    0x08001e14   Section      138  lludiv10.o(.text)
    .text                                    0x08001ea0   Section        0  _printf_char_common.o(.text)
    _printf_input_char                       0x08001ea1   Thumb Code    10  _printf_char_common.o(.text)
    .text                                    0x08001ed0   Section        0  _printf_fp_infnan.o(.text)
    .text                                    0x08001f50   Section        0  bigflt0.o(.text)
    .text                                    0x0800202c   Section        0  ferror.o(.text)
    .text                                    0x08002034   Section        0  initio.o(.text)
    .text                                    0x0800216c   Section        0  defsig_rtmem_outer.o(.text)
    .text                                    0x0800217a   Section        0  sys_io.o(.text)
    .text                                    0x080021e0   Section        2  use_no_semi.o(.text)
    .text                                    0x080021e2   Section        0  indicate_semi.o(.text)
    .text                                    0x080021e2   Section       74  sys_stackheap_outer.o(.text)
    .text                                    0x0800222c   Section        0  setvbuf.o(.text)
    .text                                    0x08002274   Section        0  fopen.o(.text)
    _freopen_locked                          0x08002275   Thumb Code     0  fopen.o(.text)
    .text                                    0x08002360   Section        0  fclose.o(.text)
    .text                                    0x080023ac   Section        0  exit.o(.text)
    .text                                    0x080023b8   Section        0  defsig_exit.o(.text)
    .text                                    0x080023c2   Section        0  defsig_rtred_outer.o(.text)
    .text                                    0x080023d0   Section        0  defsig_rtmem_inner.o(.text)
    .text                                    0x08002420   Section       78  rt_memclr_w.o(.text)
    .text                                    0x08002470   Section      128  strcmpv7m.o(.text)
    .text                                    0x080024f0   Section        0  sys_exit.o(.text)
    .text                                    0x080024fc   Section        0  _fptrap.o(.text)
    .text                                    0x0800252c   Section        0  fseek.o(.text)
    .text                                    0x08002624   Section        0  stdio.o(.text)
    .text                                    0x08002714   Section        0  defsig_general.o(.text)
    .text                                    0x08002748   Section        0  defsig_rtred_inner.o(.text)
    .text                                    0x0800277c   Section        0  strlen.o(.text)
    .text                                    0x080027ba   Section        0  sys_wrch.o(.text)
    .text                                    0x080027c8   Section        0  ftell.o(.text)
    .text                                    0x0800280a   Section        0  defsig_fpe_outer.o(.text)
    .text                                    0x08002818   Section        8  rt_errno_addr_intlibspace.o(.text)
    .text                                    0x08002820   Section        0  defsig_fpe_inner.o(.text)
    CL$$btod_d2e                             0x080028cc   Section       62  btod.o(CL$$btod_d2e)
    CL$$btod_d2e_denorm_low                  0x0800290a   Section       70  btod.o(CL$$btod_d2e_denorm_low)
    CL$$btod_d2e_norm_op1                    0x08002950   Section       96  btod.o(CL$$btod_d2e_norm_op1)
    CL$$btod_div_common                      0x080029b0   Section      824  btod.o(CL$$btod_div_common)
    CL$$btod_e2e                             0x08002ce8   Section      198  btod.o(CL$$btod_e2e)
    CL$$btod_ediv                            0x08002dae   Section       40  btod.o(CL$$btod_ediv)
    CL$$btod_emul                            0x08002dd6   Section       40  btod.o(CL$$btod_emul)
    CL$$btod_mult_common                     0x08002dfe   Section      580  btod.o(CL$$btod_mult_common)
    i.__ARM_fpclassify                       0x08003042   Section        0  fpclassify.o(i.__ARM_fpclassify)
    locale$$code                             0x08003074   Section       44  lc_numeric_c.o(locale$$code)
    x$fpl$dfltn                              0x080030a0   Section       26  dflt_clz.o(x$fpl$dfltn)
    $v0                                      0x080030a0   Number         0  dflt_clz.o(x$fpl$dfltn)
    x$fpl$dretinf                            0x080030ba   Section       12  dretinf.o(x$fpl$dretinf)
    $v0                                      0x080030ba   Number         0  dretinf.o(x$fpl$dretinf)
    x$fpl$exception                          0x080030c8   Section      492  except.o(x$fpl$exception)
    $v0                                      0x080030c8   Number         0  except.o(x$fpl$exception)
    x$fpl$f2d                                0x080032b4   Section      122  f2d.o(x$fpl$f2d)
    $v0                                      0x080032b4   Number         0  f2d.o(x$fpl$f2d)
    x$fpl$fnaninf                            0x0800332e   Section      242  fnaninf.o(x$fpl$fnaninf)
    $v0                                      0x0800332e   Number         0  fnaninf.o(x$fpl$fnaninf)
    x$fpl$fpinit                             0x08003420   Section       10  fpinit.o(x$fpl$fpinit)
    $v0                                      0x08003420   Number         0  fpinit.o(x$fpl$fpinit)
    x$fpl$funder                             0x0800342a   Section      316  funder_clz.o(x$fpl$funder)
    $v0                                      0x0800342a   Number         0  funder_clz.o(x$fpl$funder)
    x$fpl$ieeestatus                         0x08003568   Section       32  istatus.o(x$fpl$ieeestatus)
    $v0                                      0x08003568   Number         0  istatus.o(x$fpl$ieeestatus)
    x$fpl$printf1                            0x08003588   Section        4  printf1.o(x$fpl$printf1)
    $v0                                      0x08003588   Number         0  printf1.o(x$fpl$printf1)
    x$fpl$retnan                             0x0800358c   Section      178  retnan.o(x$fpl$retnan)
    $v0                                      0x0800358c   Number         0  retnan.o(x$fpl$retnan)
    x$fpl$trapveneer                         0x0800363e   Section      126  trapv.o(x$fpl$trapveneer)
    $v0                                      0x0800363e   Number         0  trapv.o(x$fpl$trapveneer)
    .constdata                               0x080036bc   Section       68  main.o(.constdata)
    x$fpl$usenofp                            0x080036bc   Section        0  usenofp.o(x$fpl$usenofp)
    .constdata                               0x08003700   Section       16  system_stm32f4xx.o(.constdata)
    .constdata                               0x08003710   Section      148  bigflt0.o(.constdata)
    tenpwrs_x                                0x08003710   Data          60  bigflt0.o(.constdata)
    tenpwrs_i                                0x0800374c   Data          64  bigflt0.o(.constdata)
    .constdata                               0x080037a4   Section        4  sys_io.o(.constdata)
    .constdata                               0x080037a8   Section        4  sys_io.o(.constdata)
    .constdata                               0x080037ac   Section        4  sys_io.o(.constdata)
    locale$$data                             0x080037d0   Section       28  lc_numeric_c.o(locale$$data)
    __lcnum_c_name                           0x080037d4   Data           2  lc_numeric_c.o(locale$$data)
    __lcnum_c_start                          0x080037dc   Data           0  lc_numeric_c.o(locale$$data)
    __lcnum_c_point                          0x080037e8   Data           0  lc_numeric_c.o(locale$$data)
    __lcnum_c_thousands                      0x080037ea   Data           0  lc_numeric_c.o(locale$$data)
    __lcnum_c_grouping                       0x080037eb   Data           0  lc_numeric_c.o(locale$$data)
    __lcnum_c_end                            0x080037ec   Data           0  lc_numeric_c.o(locale$$data)
    .data                                    0x20000000   Section        4  system_stm32f4xx.o(.data)
    .data                                    0x20000004   Section        4  stdio_streams.o(.data)
    .data                                    0x20000008   Section        4  stdio_streams.o(.data)
    .data                                    0x2000000c   Section        4  stdio_streams.o(.data)
    .bss                                     0x20000010   Section       96  main.o(.bss)
    .bss                                     0x20000070   Section       84  stdio_streams.o(.bss)
    .bss                                     0x200000c4   Section       84  stdio_streams.o(.bss)
    .bss                                     0x20000118   Section       84  stdio_streams.o(.bss)
    .bss                                     0x2000016c   Section       96  libspace.o(.bss)
    HEAP                                     0x200001d0   Section      512  startup_stm32f407xx.o(HEAP)
    Heap_Mem                                 0x200001d0   Data         512  startup_stm32f407xx.o(HEAP)
    STACK                                    0x200003d0   Section     1024  startup_stm32f407xx.o(STACK)
    Stack_Mem                                0x200003d0   Data        1024  startup_stm32f407xx.o(STACK)
    __initial_sp                             0x200007d0   Data           0  startup_stm32f407xx.o(STACK)

    Global Symbols

    Symbol Name                              Value     Ov Type        Size  Object(Section)

    BuildAttributes$$THM_ISAv4$E$P$D$K$B$S$7EM$VFPi3$EXTD16$VFPS$VFMA$PE$A:L22UL41UL21$X:L11$S22US41US21$IEEE1$IW$USESV6$~STKCKD$USESV7$~SHL$OTIME$ROPI$IEEEX$EBA8$UX$STANDARDLIB$REQ8$EABIv2 0x00000000   Number         0  anon$$obj.o ABSOLUTE
    __ARM_use_no_argv                        0x00000000   Number         0  main.o ABSOLUTE
    __ARM_exceptions_init                     - Undefined Weak Reference
    __alloca_initialize                       - Undefined Weak Reference
    __arm_preinit_                            - Undefined Weak Reference
    __cpp_initialize__aeabi_                  - Undefined Weak Reference
    __cxa_finalize                            - Undefined Weak Reference
    __sigvec_lookup                           - Undefined Weak Reference
    __user_heap_extent                        - Undefined Weak Reference
    _atexit_init                              - Undefined Weak Reference
    _call_atexit_fns                          - Undefined Weak Reference
    _clock_init                               - Undefined Weak Reference
    _fp_trap_big                              - Undefined Weak Reference
    _fp_trap_init                             - Undefined Weak Reference
    _fp_trap_shutdown                         - Undefined Weak Reference
    _get_lc_collate                           - Undefined Weak Reference
    _get_lc_ctype                             - Undefined Weak Reference
    _get_lc_monetary                          - Undefined Weak Reference
    _get_lc_time                              - Undefined Weak Reference
    _getenv_init                              - Undefined Weak Reference
    _handle_redirection                       - Undefined Weak Reference
    _mutex_acquire                            - Undefined Weak Reference
    _mutex_free                               - Undefined Weak Reference
    _mutex_release                            - Undefined Weak Reference
    _printf_post_padding                      - Undefined Weak Reference
    _printf_pre_padding                       - Undefined Weak Reference
    _printf_truncate_signed                   - Undefined Weak Reference
    _printf_truncate_unsigned                 - Undefined Weak Reference
    _rand_init                                - Undefined Weak Reference
    _signal_finish                            - Undefined Weak Reference
    _signal_init                              - Undefined Weak Reference
    __Vectors_Size                           0x00000188   Number         0  startup_stm32f407xx.o ABSOLUTE
    __Vectors                                0x08000000   Data           4  startup_stm32f407xx.o(RESET)
    __Vectors_End                            0x08000188   Data           0  startup_stm32f407xx.o(RESET)
    __main                                   0x08000189   Thumb Code     8  __main.o(!!!main)
    __scatterload                            0x08000191   Thumb Code     0  __scatter.o(!!!scatter)
    __scatterload_rt2                        0x08000191   Thumb Code    44  __scatter.o(!!!scatter)
    __scatterload_rt2_thumb_only             0x08000191   Thumb Code     0  __scatter.o(!!!scatter)
    __scatterload_null                       0x0800019f   Thumb Code     0  __scatter.o(!!!scatter)
    __scatterload_copy                       0x080001c5   Thumb Code    26  __scatter_copy.o(!!handler_copy)
    __scatterload_zeroinit                   0x080001e1   Thumb Code    28  __scatter_zi.o(!!handler_zi)
    _printf_f                                0x080001fd   Thumb Code     0  _printf_f.o(.ARM.Collect$$_printf_percent$$00000003)
    _printf_percent                          0x080001fd   Thumb Code     0  _printf_percent.o(.ARM.Collect$$_printf_percent$$00000000)
    _printf_i                                0x08000203   Thumb Code     0  _printf_i.o(.ARM.Collect$$_printf_percent$$00000008)
    _printf_percent_end                      0x08000209   Thumb Code     0  _printf_percent_end.o(.ARM.Collect$$_printf_percent$$00000017)
    __rt_lib_init                            0x0800020d   Thumb Code     0  libinit.o(.ARM.Collect$$libinit$$00000000)
    __rt_lib_init_fp_1                       0x0800020f   Thumb Code     0  libinit2.o(.ARM.Collect$$libinit$$00000001)
    __rt_lib_init_heap_2                     0x08000213   Thumb Code     0  libinit2.o(.ARM.Collect$$libinit$$00000005)
    __rt_lib_init_preinit_1                  0x08000213   Thumb Code     0  libinit2.o(.ARM.Collect$$libinit$$00000004)
    __rt_lib_init_heap_1                     0x0800021b   Thumb Code     0  libinit2.o(.ARM.Collect$$libinit$$0000000A)
    __rt_lib_init_lc_common                  0x0800021b   Thumb Code     0  libinit2.o(.ARM.Collect$$libinit$$0000000F)
    __rt_lib_init_rand_1                     0x0800021b   Thumb Code     0  libinit2.o(.ARM.Collect$$libinit$$0000000E)
    __rt_lib_init_user_alloc_1               0x0800021b   Thumb Code     0  libinit2.o(.ARM.Collect$$libinit$$0000000C)
    __rt_lib_init_lc_collate_1               0x08000221   Thumb Code     0  libinit2.o(.ARM.Collect$$libinit$$00000011)
    __rt_lib_init_lc_ctype_1                 0x08000221   Thumb Code     0  libinit2.o(.ARM.Collect$$libinit$$00000013)
    __rt_lib_init_lc_monetary_1              0x08000221   Thumb Code     0  libinit2.o(.ARM.Collect$$libinit$$00000015)
    __rt_lib_init_lc_numeric_2               0x08000221   Thumb Code     0  libinit2.o(.ARM.Collect$$libinit$$00000016)
    __rt_lib_init_atexit_1                   0x0800022b   Thumb Code     0  libinit2.o(.ARM.Collect$$libinit$$0000001B)
    __rt_lib_init_clock_1                    0x0800022b   Thumb Code     0  libinit2.o(.ARM.Collect$$libinit$$00000021)
    __rt_lib_init_fp_trap_1                  0x0800022b   Thumb Code     0  libinit2.o(.ARM.Collect$$libinit$$0000001F)
    __rt_lib_init_getenv_1                   0x0800022b   Thumb Code     0  libinit2.o(.ARM.Collect$$libinit$$00000023)
    __rt_lib_init_lc_numeric_1               0x0800022b   Thumb Code     0  libinit2.o(.ARM.Collect$$libinit$$00000017)
    __rt_lib_init_lc_time_1                  0x0800022b   Thumb Code     0  libinit2.o(.ARM.Collect$$libinit$$00000019)
    __rt_lib_init_signal_1                   0x0800022b   Thumb Code     0  libinit2.o(.ARM.Collect$$libinit$$0000001D)
    __rt_lib_init_stdio_2                    0x0800022b   Thumb Code     0  libinit2.o(.ARM.Collect$$libinit$$00000024)
    __rt_lib_init_alloca_1                   0x0800022f   Thumb Code     0  libinit2.o(.ARM.Collect$$libinit$$0000002E)
    __rt_lib_init_argv_1                     0x0800022f   Thumb Code     0  libinit2.o(.ARM.Collect$$libinit$$0000002C)
    __rt_lib_init_cpp_1                      0x0800022f   Thumb Code     0  libinit2.o(.ARM.Collect$$libinit$$00000032)
    __rt_lib_init_exceptions_1               0x0800022f   Thumb Code     0  libinit2.o(.ARM.Collect$$libinit$$00000030)
    __rt_lib_init_return                     0x0800022f   Thumb Code     0  libinit2.o(.ARM.Collect$$libinit$$00000033)
    __rt_lib_init_stdio_1                    0x0800022f   Thumb Code     0  libinit2.o(.ARM.Collect$$libinit$$00000025)
    __rt_lib_shutdown                        0x08000231   Thumb Code     0  libshutdown.o(.ARM.Collect$$libshutdown$$00000000)
    __rt_lib_shutdown_stdio_2                0x08000233   Thumb Code     0  libshutdown2.o(.ARM.Collect$$libshutdown$$00000002)
    __rt_lib_shutdown_fp_trap_1              0x08000237   Thumb Code     0  libshutdown2.o(.ARM.Collect$$libshutdown$$00000006)
    __rt_lib_shutdown_heap_1                 0x08000237   Thumb Code     0  libshutdown2.o(.ARM.Collect$$libshutdown$$0000000E)
    __rt_lib_shutdown_return                 0x08000237   Thumb Code     0  libshutdown2.o(.ARM.Collect$$libshutdown$$0000000F)
    __rt_lib_shutdown_signal_1               0x08000237   Thumb Code     0  libshutdown2.o(.ARM.Collect$$libshutdown$$00000009)
    __rt_lib_shutdown_stdio_1                0x08000237   Thumb Code     0  libshutdown2.o(.ARM.Collect$$libshutdown$$00000003)
    __rt_lib_shutdown_user_alloc_1           0x08000237   Thumb Code     0  libshutdown2.o(.ARM.Collect$$libshutdown$$0000000B)
    __rt_entry                               0x08000239   Thumb Code     0  __rtentry.o(.ARM.Collect$$rtentry$$00000000)
    __rt_entry_presh_1                       0x08000239   Thumb Code     0  __rtentry2.o(.ARM.Collect$$rtentry$$00000002)
    __rt_entry_sh                            0x08000239   Thumb Code     0  __rtentry4.o(.ARM.Collect$$rtentry$$00000004)
    __rt_entry_li                            0x0800023f   Thumb Code     0  __rtentry2.o(.ARM.Collect$$rtentry$$0000000A)
    __rt_entry_postsh_1                      0x0800023f   Thumb Code     0  __rtentry2.o(.ARM.Collect$$rtentry$$00000009)
    __rt_entry_main                          0x08000243   Thumb Code     0  __rtentry2.o(.ARM.Collect$$rtentry$$0000000D)
    __rt_entry_postli_1                      0x08000243   Thumb Code     0  __rtentry2.o(.ARM.Collect$$rtentry$$0000000C)
    __rt_exit                                0x0800024b   Thumb Code     0  rtexit.o(.ARM.Collect$$rtexit$$00000000)
    __rt_exit_ls                             0x0800024d   Thumb Code     0  rtexit2.o(.ARM.Collect$$rtexit$$00000003)
    __rt_exit_prels_1                        0x0800024d   Thumb Code     0  rtexit2.o(.ARM.Collect$$rtexit$$00000002)
    __rt_exit_exit                           0x08000251   Thumb Code     0  rtexit2.o(.ARM.Collect$$rtexit$$00000004)
    _maybe_terminate_alloc                   0x08000259   Thumb Code     0  maybetermalloc1.o(.emb_text)
    vector_matrix                            0x08000259   Thumb Code    42  main.o(.text)
    update_col                               0x08000283   Thumb Code    42  main.o(.text)
    assign                                   0x080002ad   Thumb Code   100  main.o(.text)
    check_error                              0x08000311   Thumb Code    14  main.o(.text)
    print_value                              0x0800031f   Thumb Code    98  main.o(.text)
    Kalmanfilter_C                           0x08000381   Thumb Code  1650  main.o(.text)
    main                                     0x080009f3   Thumb Code   114  main.o(.text)
    fputc                                    0x08000ac1   Thumb Code    52  fput_debug.o(.text)
    Reset_Handler                            0x08000af9   Thumb Code    30  startup_stm32f407xx.o(.text)
    NMI_Handler                              0x08000b17   Thumb Code     2  startup_stm32f407xx.o(.text)
    HardFault_Handler                        0x08000b19   Thumb Code     2  startup_stm32f407xx.o(.text)
    MemManage_Handler                        0x08000b1b   Thumb Code     2  startup_stm32f407xx.o(.text)
    BusFault_Handler                         0x08000b1d   Thumb Code     2  startup_stm32f407xx.o(.text)
    UsageFault_Handler                       0x08000b1f   Thumb Code     2  startup_stm32f407xx.o(.text)
    SVC_Handler                              0x08000b21   Thumb Code     2  startup_stm32f407xx.o(.text)
    DebugMon_Handler                         0x08000b23   Thumb Code     2  startup_stm32f407xx.o(.text)
    PendSV_Handler                           0x08000b25   Thumb Code     2  startup_stm32f407xx.o(.text)
    SysTick_Handler                          0x08000b27   Thumb Code     2  startup_stm32f407xx.o(.text)
    ADC_IRQHandler                           0x08000b29   Thumb Code     0  startup_stm32f407xx.o(.text)
    CAN1_RX0_IRQHandler                      0x08000b29   Thumb Code     0  startup_stm32f407xx.o(.text)
    CAN1_RX1_IRQHandler                      0x08000b29   Thumb Code     0  startup_stm32f407xx.o(.text)
    CAN1_SCE_IRQHandler                      0x08000b29   Thumb Code     0  startup_stm32f407xx.o(.text)
    CAN1_TX_IRQHandler                       0x08000b29   Thumb Code     0  startup_stm32f407xx.o(.text)
    CAN2_RX0_IRQHandler                      0x08000b29   Thumb Code     0  startup_stm32f407xx.o(.text)
    CAN2_RX1_IRQHandler                      0x08000b29   Thumb Code     0  startup_stm32f407xx.o(.text)
    CAN2_SCE_IRQHandler                      0x08000b29   Thumb Code     0  startup_stm32f407xx.o(.text)
    CAN2_TX_IRQHandler                       0x08000b29   Thumb Code     0  startup_stm32f407xx.o(.text)
    DCMI_IRQHandler                          0x08000b29   Thumb Code     0  startup_stm32f407xx.o(.text)
    DMA1_Stream0_IRQHandler                  0x08000b29   Thumb Code     0  startup_stm32f407xx.o(.text)
    DMA1_Stream1_IRQHandler                  0x08000b29   Thumb Code     0  startup_stm32f407xx.o(.text)
    DMA1_Stream2_IRQHandler                  0x08000b29   Thumb Code     0  startup_stm32f407xx.o(.text)
    DMA1_Stream3_IRQHandler                  0x08000b29   Thumb Code     0  startup_stm32f407xx.o(.text)
    DMA1_Stream4_IRQHandler                  0x08000b29   Thumb Code     0  startup_stm32f407xx.o(.text)
    DMA1_Stream5_IRQHandler                  0x08000b29   Thumb Code     0  startup_stm32f407xx.o(.text)
    DMA1_Stream6_IRQHandler                  0x08000b29   Thumb Code     0  startup_stm32f407xx.o(.text)
    DMA1_Stream7_IRQHandler                  0x08000b29   Thumb Code     0  startup_stm32f407xx.o(.text)
    DMA2_Stream0_IRQHandler                  0x08000b29   Thumb Code     0  startup_stm32f407xx.o(.text)
    DMA2_Stream1_IRQHandler                  0x08000b29   Thumb Code     0  startup_stm32f407xx.o(.text)
    DMA2_Stream2_IRQHandler                  0x08000b29   Thumb Code     0  startup_stm32f407xx.o(.text)
    DMA2_Stream3_IRQHandler                  0x08000b29   Thumb Code     0  startup_stm32f407xx.o(.text)
    DMA2_Stream4_IRQHandler                  0x08000b29   Thumb Code     0  startup_stm32f407xx.o(.text)
    DMA2_Stream5_IRQHandler                  0x08000b29   Thumb Code     0  startup_stm32f407xx.o(.text)
    DMA2_Stream6_IRQHandler                  0x08000b29   Thumb Code     0  startup_stm32f407xx.o(.text)
    DMA2_Stream7_IRQHandler                  0x08000b29   Thumb Code     0  startup_stm32f407xx.o(.text)
    ETH_IRQHandler                           0x08000b29   Thumb Code     0  startup_stm32f407xx.o(.text)
    ETH_WKUP_IRQHandler                      0x08000b29   Thumb Code     0  startup_stm32f407xx.o(.text)
    EXTI0_IRQHandler                         0x08000b29   Thumb Code     0  startup_stm32f407xx.o(.text)
    EXTI15_10_IRQHandler                     0x08000b29   Thumb Code     0  startup_stm32f407xx.o(.text)
    EXTI1_IRQHandler                         0x08000b29   Thumb Code     0  startup_stm32f407xx.o(.text)
    EXTI2_IRQHandler                         0x08000b29   Thumb Code     0  startup_stm32f407xx.o(.text)
    EXTI3_IRQHandler                         0x08000b29   Thumb Code     0  startup_stm32f407xx.o(.text)
    EXTI4_IRQHandler                         0x08000b29   Thumb Code     0  startup_stm32f407xx.o(.text)
    EXTI9_5_IRQHandler                       0x08000b29   Thumb Code     0  startup_stm32f407xx.o(.text)
    FLASH_IRQHandler                         0x08000b29   Thumb Code     0  startup_stm32f407xx.o(.text)
    FMC_IRQHandler                           0x08000b29   Thumb Code     0  startup_stm32f407xx.o(.text)
    FPU_IRQHandler                           0x08000b29   Thumb Code     0  startup_stm32f407xx.o(.text)
    HASH_RNG_IRQHandler                      0x08000b29   Thumb Code     0  startup_stm32f407xx.o(.text)
    I2C1_ER_IRQHandler                       0x08000b29   Thumb Code     0  startup_stm32f407xx.o(.text)
    I2C1_EV_IRQHandler                       0x08000b29   Thumb Code     0  startup_stm32f407xx.o(.text)
    I2C2_ER_IRQHandler                       0x08000b29   Thumb Code     0  startup_stm32f407xx.o(.text)
    I2C2_EV_IRQHandler                       0x08000b29   Thumb Code     0  startup_stm32f407xx.o(.text)
    I2C3_ER_IRQHandler                       0x08000b29   Thumb Code     0  startup_stm32f407xx.o(.text)
    I2C3_EV_IRQHandler                       0x08000b29   Thumb Code     0  startup_stm32f407xx.o(.text)
    OTG_FS_IRQHandler                        0x08000b29   Thumb Code     0  startup_stm32f407xx.o(.text)
    OTG_FS_WKUP_IRQHandler                   0x08000b29   Thumb Code     0  startup_stm32f407xx.o(.text)
    OTG_HS_EP1_IN_IRQHandler                 0x08000b29   Thumb Code     0  startup_stm32f407xx.o(.text)
    OTG_HS_EP1_OUT_IRQHandler                0x08000b29   Thumb Code     0  startup_stm32f407xx.o(.text)
    OTG_HS_IRQHandler                        0x08000b29   Thumb Code     0  startup_stm32f407xx.o(.text)
    OTG_HS_WKUP_IRQHandler                   0x08000b29   Thumb Code     0  startup_stm32f407xx.o(.text)
    PVD_IRQHandler                           0x08000b29   Thumb Code     0  startup_stm32f407xx.o(.text)
    RCC_IRQHandler                           0x08000b29   Thumb Code     0  startup_stm32f407xx.o(.text)
    RTC_Alarm_IRQHandler                     0x08000b29   Thumb Code     0  startup_stm32f407xx.o(.text)
    RTC_WKUP_IRQHandler                      0x08000b29   Thumb Code     0  startup_stm32f407xx.o(.text)
    SDIO_IRQHandler                          0x08000b29   Thumb Code     0  startup_stm32f407xx.o(.text)
    SPI1_IRQHandler                          0x08000b29   Thumb Code     0  startup_stm32f407xx.o(.text)
    SPI2_IRQHandler                          0x08000b29   Thumb Code     0  startup_stm32f407xx.o(.text)
    SPI3_IRQHandler                          0x08000b29   Thumb Code     0  startup_stm32f407xx.o(.text)
    TAMP_STAMP_IRQHandler                    0x08000b29   Thumb Code     0  startup_stm32f407xx.o(.text)
    TIM1_BRK_TIM9_IRQHandler                 0x08000b29   Thumb Code     0  startup_stm32f407xx.o(.text)
    TIM1_CC_IRQHandler                       0x08000b29   Thumb Code     0  startup_stm32f407xx.o(.text)
    TIM1_TRG_COM_TIM11_IRQHandler            0x08000b29   Thumb Code     0  startup_stm32f407xx.o(.text)
    TIM1_UP_TIM10_IRQHandler                 0x08000b29   Thumb Code     0  startup_stm32f407xx.o(.text)
    TIM2_IRQHandler                          0x08000b29   Thumb Code     0  startup_stm32f407xx.o(.text)
    TIM3_IRQHandler                          0x08000b29   Thumb Code     0  startup_stm32f407xx.o(.text)
    TIM4_IRQHandler                          0x08000b29   Thumb Code     0  startup_stm32f407xx.o(.text)
    TIM5_IRQHandler                          0x08000b29   Thumb Code     0  startup_stm32f407xx.o(.text)
    TIM6_DAC_IRQHandler                      0x08000b29   Thumb Code     0  startup_stm32f407xx.o(.text)
    TIM7_IRQHandler                          0x08000b29   Thumb Code     0  startup_stm32f407xx.o(.text)
    TIM8_BRK_TIM12_IRQHandler                0x08000b29   Thumb Code     0  startup_stm32f407xx.o(.text)
    TIM8_CC_IRQHandler                       0x08000b29   Thumb Code     0  startup_stm32f407xx.o(.text)
    TIM8_TRG_COM_TIM14_IRQHandler            0x08000b29   Thumb Code     0  startup_stm32f407xx.o(.text)
    TIM8_UP_TIM13_IRQHandler                 0x08000b29   Thumb Code     0  startup_stm32f407xx.o(.text)
    UART4_IRQHandler                         0x08000b29   Thumb Code     0  startup_stm32f407xx.o(.text)
    UART5_IRQHandler                         0x08000b29   Thumb Code     0  startup_stm32f407xx.o(.text)
    USART1_IRQHandler                        0x08000b29   Thumb Code     0  startup_stm32f407xx.o(.text)
    USART2_IRQHandler                        0x08000b29   Thumb Code     0  startup_stm32f407xx.o(.text)
    USART3_IRQHandler                        0x08000b29   Thumb Code     0  startup_stm32f407xx.o(.text)
    USART6_IRQHandler                        0x08000b29   Thumb Code     0  startup_stm32f407xx.o(.text)
    WWDG_IRQHandler                          0x08000b29   Thumb Code     0  startup_stm32f407xx.o(.text)
    __user_initial_stackheap                 0x08000b2d   Thumb Code     0  startup_stm32f407xx.o(.text)
    SystemInit                               0x08000b55   Thumb Code    82  system_stm32f4xx.o(.text)
    SystemCoreClockUpdate                    0x08000ba7   Thumb Code   174  system_stm32f4xx.o(.text)
    arm_mat_add_f32                          0x08000c75   Thumb Code   264  arm_mat_add_f32.o(.text)
    arm_mat_init_f32                         0x08000d7d   Thumb Code     8  arm_mat_init_f32.o(.text)
    arm_mat_inverse_f32                      0x08000d85   Thumb Code  1328  arm_mat_inverse_f32.o(.text)
    arm_mat_mult_f32                         0x080012b5   Thumb Code   312  arm_mat_mult_f32.o(.text)
    arm_mat_sub_f32                          0x080013f1   Thumb Code   264  arm_mat_sub_f32.o(.text)
    arm_mat_trans_f32                        0x080014f9   Thumb Code   276  arm_mat_trans_f32.o(.text)
    arm_copy_f32                             0x0800160d   Thumb Code   132  arm_copy_f32.o(.text)
    malloc                                   0x08001691   Thumb Code    94  h1_alloc.o(.text)
    free                                     0x080016ef   Thumb Code    78  h1_free.o(.text)
    __2printf                                0x0800173d   Thumb Code    20  noretval__2printf.o(.text)
    __printf                                 0x08001755   Thumb Code   104  __printf.o(.text)
    _printf_int_dec                          0x080017bd   Thumb Code   104  _printf_dec.o(.text)
    __use_two_region_memory                  0x08001835   Thumb Code     2  heapauxi.o(.text)
    __rt_heap_escrow                         0x08001837   Thumb Code     2  heapauxi.o(.text)
    __rt_heap_expand                         0x08001839   Thumb Code     2  heapauxi.o(.text)
    __rt_heap_descriptor                     0x0800183d   Thumb Code     8  rt_heap_descriptor_intlibspace.o(.text)
    __use_no_heap                            0x08001845   Thumb Code     2  hguard.o(.text)
    __heap$guard                             0x08001847   Thumb Code     2  hguard.o(.text)
    _terminate_user_alloc                    0x08001849   Thumb Code     2  init_alloc.o(.text)
    _init_user_alloc                         0x0800184b   Thumb Code     2  init_alloc.o(.text)
    __Heap_Full                              0x0800184d   Thumb Code    34  init_alloc.o(.text)
    __Heap_Broken                            0x0800186f   Thumb Code     6  init_alloc.o(.text)
    _init_alloc                              0x08001875   Thumb Code    94  init_alloc.o(.text)
    __Heap_Initialize                        0x080018d3   Thumb Code    10  h1_init.o(.text)
    __Heap_DescSize                          0x080018dd   Thumb Code     4  h1_init.o(.text)
    _printf_int_common                       0x080018e1   Thumb Code   178  _printf_intcommon.o(.text)
    __lib_sel_fp_printf                      0x08001993   Thumb Code     2  _printf_fp_dec.o(.text)
    _printf_fp_dec_real                      0x08001b41   Thumb Code   620  _printf_fp_dec.o(.text)
    _printf_char_file                        0x08001dad   Thumb Code    32  _printf_char_file.o(.text)
    __user_libspace                          0x08001dd1   Thumb Code     8  libspace.o(.text)
    __user_perproc_libspace                  0x08001dd1   Thumb Code     0  libspace.o(.text)
    __user_perthread_libspace                0x08001dd1   Thumb Code     0  libspace.o(.text)
    __rt_locale                              0x08001dd9   Thumb Code     8  rt_locale_intlibspace.o(.text)
    __Heap_ProvideMemory                     0x08001de1   Thumb Code    52  h1_extend.o(.text)
    _ll_udiv10                               0x08001e15   Thumb Code   138  lludiv10.o(.text)
    _printf_char_common                      0x08001eab   Thumb Code    32  _printf_char_common.o(.text)
    _printf_fp_infnan                        0x08001ed1   Thumb Code   112  _printf_fp_infnan.o(.text)
    _btod_etento                             0x08001f51   Thumb Code   216  bigflt0.o(.text)
    ferror                                   0x0800202d   Thumb Code     8  ferror.o(.text)
    _initio                                  0x08002035   Thumb Code   210  initio.o(.text)
    _terminateio                             0x08002107   Thumb Code    56  initio.o(.text)
    __rt_SIGRTMEM                            0x0800216d   Thumb Code    14  defsig_rtmem_outer.o(.text)
    _sys_open                                0x0800217b   Thumb Code    20  sys_io.o(.text)
    _sys_close                               0x0800218f   Thumb Code    12  sys_io.o(.text)
    _sys_write                               0x0800219b   Thumb Code    16  sys_io.o(.text)
    _sys_read                                0x080021ab   Thumb Code    14  sys_io.o(.text)
    _sys_istty                               0x080021b9   Thumb Code    12  sys_io.o(.text)
    _sys_seek                                0x080021c5   Thumb Code    14  sys_io.o(.text)
    _sys_ensure                              0x080021d3   Thumb Code     2  sys_io.o(.text)
    _sys_flen                                0x080021d5   Thumb Code    12  sys_io.o(.text)
    __I$use$semihosting                      0x080021e1   Thumb Code     0  use_no_semi.o(.text)
    __use_no_semihosting_swi                 0x080021e1   Thumb Code     2  use_no_semi.o(.text)
    __semihosting_library_function           0x080021e3   Thumb Code     0  indicate_semi.o(.text)
    __user_setup_stackheap                   0x080021e3   Thumb Code    74  sys_stackheap_outer.o(.text)
    setvbuf                                  0x0800222d   Thumb Code    70  setvbuf.o(.text)
    freopen                                  0x08002275   Thumb Code   158  fopen.o(.text)
    fopen                                    0x08002313   Thumb Code    74  fopen.o(.text)
    _fclose_internal                         0x08002361   Thumb Code    76  fclose.o(.text)
    fclose                                   0x08002361   Thumb Code     0  fclose.o(.text)
    exit                                     0x080023ad   Thumb Code    12  exit.o(.text)
    __sig_exit                               0x080023b9   Thumb Code    10  defsig_exit.o(.text)
    __rt_SIGRTRED                            0x080023c3   Thumb Code    14  defsig_rtred_outer.o(.text)
    __rt_SIGRTMEM_inner                      0x080023d1   Thumb Code    22  defsig_rtmem_inner.o(.text)
    __aeabi_memclr4                          0x08002421   Thumb Code     0  rt_memclr_w.o(.text)
    __aeabi_memclr8                          0x08002421   Thumb Code     0  rt_memclr_w.o(.text)
    __rt_memclr_w                            0x08002421   Thumb Code    78  rt_memclr_w.o(.text)
    _memset_w                                0x08002425   Thumb Code     0  rt_memclr_w.o(.text)
    strcmp                                   0x08002471   Thumb Code   128  strcmpv7m.o(.text)
    _sys_exit                                0x080024f1   Thumb Code     8  sys_exit.o(.text)
    _fp_trap                                 0x080024fd   Thumb Code    44  _fptrap.o(.text)
    _fseek                                   0x0800252d   Thumb Code   242  fseek.o(.text)
    fseek                                    0x0800252d   Thumb Code     0  fseek.o(.text)
    _seterr                                  0x08002625   Thumb Code    20  stdio.o(.text)
    _writebuf                                0x08002639   Thumb Code    84  stdio.o(.text)
    _fflush                                  0x0800268d   Thumb Code    70  stdio.o(.text)
    _deferredlazyseek                        0x080026d3   Thumb Code    60  stdio.o(.text)
    __default_signal_display                 0x08002715   Thumb Code    50  defsig_general.o(.text)
    __rt_SIGRTRED_inner                      0x08002749   Thumb Code    14  defsig_rtred_inner.o(.text)
    strlen                                   0x0800277d   Thumb Code    62  strlen.o(.text)
    _ttywrch                                 0x080027bb   Thumb Code    14  sys_wrch.o(.text)
    _ftell_internal                          0x080027c9   Thumb Code    66  ftell.o(.text)
    ftell                                    0x080027c9   Thumb Code     0  ftell.o(.text)
    __rt_SIGFPE                              0x0800280b   Thumb Code    14  defsig_fpe_outer.o(.text)
    __aeabi_errno_addr                       0x08002819   Thumb Code     8  rt_errno_addr_intlibspace.o(.text)
    __errno$intlibspace                      0x08002819   Thumb Code     0  rt_errno_addr_intlibspace.o(.text)
    __rt_errno_addr$intlibspace              0x08002819   Thumb Code     0  rt_errno_addr_intlibspace.o(.text)
    __rt_SIGFPE_inner                        0x08002821   Thumb Code    62  defsig_fpe_inner.o(.text)
    _btod_d2e                                0x080028cd   Thumb Code    62  btod.o(CL$$btod_d2e)
    _d2e_denorm_low                          0x0800290b   Thumb Code    70  btod.o(CL$$btod_d2e_denorm_low)
    _d2e_norm_op1                            0x08002951   Thumb Code    96  btod.o(CL$$btod_d2e_norm_op1)
    __btod_div_common                        0x080029b1   Thumb Code   696  btod.o(CL$$btod_div_common)
    _e2e                                     0x08002ce9   Thumb Code   198  btod.o(CL$$btod_e2e)
    _btod_ediv                               0x08002daf   Thumb Code    40  btod.o(CL$$btod_ediv)
    _btod_emul                               0x08002dd7   Thumb Code    40  btod.o(CL$$btod_emul)
    __btod_mult_common                       0x08002dff   Thumb Code   580  btod.o(CL$$btod_mult_common)
    __ARM_fpclassify                         0x08003043   Thumb Code    48  fpclassify.o(i.__ARM_fpclassify)
    _get_lc_numeric                          0x08003075   Thumb Code    44  lc_numeric_c.o(locale$$code)
    __dflt_normalise                         0x080030a1   Thumb Code    26  dflt_clz.o(x$fpl$dfltn)
    __fpl_dretinf                            0x080030bb   Thumb Code    12  dretinf.o(x$fpl$dretinf)
    __fpl_exception                          0x080030c9   Thumb Code   454  except.o(x$fpl$exception)
    __aeabi_f2d                              0x080032b5   Thumb Code     0  f2d.o(x$fpl$f2d)
    _f2d                                     0x080032b5   Thumb Code   122  f2d.o(x$fpl$f2d)
    __fpl_fnaninf                            0x0800332f   Thumb Code   242  fnaninf.o(x$fpl$fnaninf)
    _fp_init                                 0x08003421   Thumb Code    10  fpinit.o(x$fpl$fpinit)
    __fplib_config_fpu_vfp                   0x08003429   Thumb Code     0  fpinit.o(x$fpl$fpinit)
    __fplib_config_pureend_doubles           0x08003429   Thumb Code     0  fpinit.o(x$fpl$fpinit)
    __funder                                 0x0800342b   Thumb Code   254  funder_clz.o(x$fpl$funder)
    __funder_d                               0x08003529   Thumb Code    62  funder_clz.o(x$fpl$funder)
    __ieee_status                            0x08003569   Thumb Code    28  istatus.o(x$fpl$ieeestatus)
    _printf_fp_dec                           0x08003589   Thumb Code     4  printf1.o(x$fpl$printf1)
    __fpl_return_NaN                         0x0800358d   Thumb Code   178  retnan.o(x$fpl$retnan)
    _fp_trapveneer                           0x0800363f   Thumb Code    36  trapv.o(x$fpl$trapveneer)
    __fpl_cmpreturn                          0x08003663   Thumb Code    90  trapv.o(x$fpl$trapveneer)
    __I$use$fp                               0x080036bc   Number         0  usenofp.o(x$fpl$usenofp)
    length_in_out                            0x080036bc   Data           4  main.o(.constdata)
    dimension                                0x080036c0   Data           4  main.o(.constdata)
    matrix_z                                 0x080036c4   Data          60  main.o(.constdata)
    AHBPrescTable                            0x08003700   Data          16  system_stm32f4xx.o(.constdata)
    __stdin_name                             0x080037a4   Data           4  sys_io.o(.constdata)
    __stdout_name                            0x080037a8   Data           4  sys_io.o(.constdata)
    __stderr_name                            0x080037ac   Data           4  sys_io.o(.constdata)
    Region$$Table$$Base                      0x080037b0   Number         0  anon$$obj.o(Region$$Table)
    Region$$Table$$Limit                     0x080037d0   Number         0  anon$$obj.o(Region$$Table)
    SystemCoreClock                          0x20000000   Data           4  system_stm32f4xx.o(.data)
    __aeabi_stdin                            0x20000004   Data           4  stdio_streams.o(.data)
    __aeabi_stdout                           0x20000008   Data           4  stdio_streams.o(.data)
    __aeabi_stderr                           0x2000000c   Data           4  stdio_streams.o(.data)
    identity_mx                              0x20000010   Data          36  main.o(.bss)
    output_state_x                           0x20000034   Data          60  main.o(.bss)
    __stdin                                  0x20000070   Data          84  stdio_streams.o(.bss)
    __stdout                                 0x200000c4   Data          84  stdio_streams.o(.bss)
    __stderr                                 0x20000118   Data          84  stdio_streams.o(.bss)
    __libspace_start                         0x2000016c   Data          96  libspace.o(.bss)
    __temporary_stack_top$libspace           0x200001cc   Data           0  libspace.o(.bss)



==============================================================================

Memory Map of the image

  Image Entry point : 0x08000189

  Load Region LR_IROM1 (Base: 0x08000000, Size: 0x000037fc, Max: 0x00100000, ABSOLUTE)

    Execution Region ER_IROM1 (Base: 0x08000000, Size: 0x000037ec, Max: 0x00100000, ABSOLUTE)

    Base Addr    Size         Type   Attr      Idx    E Section Name        Object

    0x08000000   0x00000188   Data   RO          111    RESET               startup_stm32f407xx.o
    0x08000188   0x00000008   Code   RO          444  * !!!main             c_w.l(__main.o)
    0x08000190   0x00000034   Code   RO          778    !!!scatter          c_w.l(__scatter.o)
    0x080001c4   0x0000001a   Code   RO          780    !!handler_copy      c_w.l(__scatter_copy.o)
    0x080001de   0x00000002   PAD
    0x080001e0   0x0000001c   Code   RO          782    !!handler_zi        c_w.l(__scatter_zi.o)
    0x080001fc   0x00000000   Code   RO          441    .ARM.Collect$$_printf_percent$$00000000  c_w.l(_printf_percent.o)
    0x080001fc   0x00000006   Code   RO          440    .ARM.Collect$$_printf_percent$$00000003  c_w.l(_printf_f.o)
    0x08000202   0x00000006   Code   RO          439    .ARM.Collect$$_printf_percent$$00000008  c_w.l(_printf_i.o)
    0x08000208   0x00000004   Code   RO          484    .ARM.Collect$$_printf_percent$$00000017  c_w.l(_printf_percent_end.o)
    0x0800020c   0x00000002   Code   RO          695    .ARM.Collect$$libinit$$00000000  c_w.l(libinit.o)
    0x0800020e   0x00000004   Code   RO          495    .ARM.Collect$$libinit$$00000001  c_w.l(libinit2.o)
    0x08000212   0x00000000   Code   RO          498    .ARM.Collect$$libinit$$00000004  c_w.l(libinit2.o)
    0x08000212   0x00000008   Code   RO          499    .ARM.Collect$$libinit$$00000005  c_w.l(libinit2.o)
    0x0800021a   0x00000000   Code   RO          501    .ARM.Collect$$libinit$$0000000A  c_w.l(libinit2.o)
    0x0800021a   0x00000000   Code   RO          503    .ARM.Collect$$libinit$$0000000C  c_w.l(libinit2.o)
    0x0800021a   0x00000000   Code   RO          505    .ARM.Collect$$libinit$$0000000E  c_w.l(libinit2.o)
    0x0800021a   0x00000006   Code   RO          506    .ARM.Collect$$libinit$$0000000F  c_w.l(libinit2.o)
    0x08000220   0x00000000   Code   RO          508    .ARM.Collect$$libinit$$00000011  c_w.l(libinit2.o)
    0x08000220   0x00000000   Code   RO          510    .ARM.Collect$$libinit$$00000013  c_w.l(libinit2.o)
    0x08000220   0x00000000   Code   RO          512    .ARM.Collect$$libinit$$00000015  c_w.l(libinit2.o)
    0x08000220   0x0000000a   Code   RO          513    .ARM.Collect$$libinit$$00000016  c_w.l(libinit2.o)
    0x0800022a   0x00000000   Code   RO          514    .ARM.Collect$$libinit$$00000017  c_w.l(libinit2.o)
    0x0800022a   0x00000000   Code   RO          516    .ARM.Collect$$libinit$$00000019  c_w.l(libinit2.o)
    0x0800022a   0x00000000   Code   RO          518    .ARM.Collect$$libinit$$0000001B  c_w.l(libinit2.o)
    0x0800022a   0x00000000   Code   RO          520    .ARM.Collect$$libinit$$0000001D  c_w.l(libinit2.o)
    0x0800022a   0x00000000   Code   RO          522    .ARM.Collect$$libinit$$0000001F  c_w.l(libinit2.o)
    0x0800022a   0x00000000   Code   RO          524    .ARM.Collect$$libinit$$00000021  c_w.l(libinit2.o)
    0x0800022a   0x00000000   Code   RO          526    .ARM.Collect$$libinit$$00000023  c_w.l(libinit2.o)
    0x0800022a   0x00000004   Code   RO          527    .ARM.Collect$$libinit$$00000024  c_w.l(libinit2.o)
    0x0800022e   0x00000000   Code   RO          528    .ARM.Collect$$libinit$$00000025  c_w.l(libinit2.o)
    0x0800022e   0x00000000   Code   RO          532    .ARM.Collect$$libinit$$0000002C  c_w.l(libinit2.o)
    0x0800022e   0x00000000   Code   RO          534    .ARM.Collect$$libinit$$0000002E  c_w.l(libinit2.o)
    0x0800022e   0x00000000   Code   RO          536    .ARM.Collect$$libinit$$00000030  c_w.l(libinit2.o)
    0x0800022e   0x00000000   Code   RO          538    .ARM.Collect$$libinit$$00000032  c_w.l(libinit2.o)
    0x0800022e   0x00000002   Code   RO          539    .ARM.Collect$$libinit$$00000033  c_w.l(libinit2.o)
    0x08000230   0x00000002   Code   RO          775    .ARM.Collect$$libshutdown$$00000000  c_w.l(libshutdown.o)
    0x08000232   0x00000004   Code   RO          697    .ARM.Collect$$libshutdown$$00000002  c_w.l(libshutdown2.o)
    0x08000236   0x00000000   Code   RO          698    .ARM.Collect$$libshutdown$$00000003  c_w.l(libshutdown2.o)
    0x08000236   0x00000000   Code   RO          701    .ARM.Collect$$libshutdown$$00000006  c_w.l(libshutdown2.o)
    0x08000236   0x00000000   Code   RO          704    .ARM.Collect$$libshutdown$$00000009  c_w.l(libshutdown2.o)
    0x08000236   0x00000000   Code   RO          706    .ARM.Collect$$libshutdown$$0000000B  c_w.l(libshutdown2.o)
    0x08000236   0x00000000   Code   RO          709    .ARM.Collect$$libshutdown$$0000000E  c_w.l(libshutdown2.o)
    0x08000236   0x00000002   Code   RO          710    .ARM.Collect$$libshutdown$$0000000F  c_w.l(libshutdown2.o)
    0x08000238   0x00000000   Code   RO          452    .ARM.Collect$$rtentry$$00000000  c_w.l(__rtentry.o)
    0x08000238   0x00000000   Code   RO          557    .ARM.Collect$$rtentry$$00000002  c_w.l(__rtentry2.o)
    0x08000238   0x00000006   Code   RO          569    .ARM.Collect$$rtentry$$00000004  c_w.l(__rtentry4.o)
    0x0800023e   0x00000000   Code   RO          559    .ARM.Collect$$rtentry$$00000009  c_w.l(__rtentry2.o)
    0x0800023e   0x00000004   Code   RO          560    .ARM.Collect$$rtentry$$0000000A  c_w.l(__rtentry2.o)
    0x08000242   0x00000000   Code   RO          562    .ARM.Collect$$rtentry$$0000000C  c_w.l(__rtentry2.o)
    0x08000242   0x00000008   Code   RO          563    .ARM.Collect$$rtentry$$0000000D  c_w.l(__rtentry2.o)
    0x0800024a   0x00000002   Code   RO          717    .ARM.Collect$$rtexit$$00000000  c_w.l(rtexit.o)
    0x0800024c   0x00000000   Code   RO          740    .ARM.Collect$$rtexit$$00000002  c_w.l(rtexit2.o)
    0x0800024c   0x00000004   Code   RO          741    .ARM.Collect$$rtexit$$00000003  c_w.l(rtexit2.o)
    0x08000250   0x00000006   Code   RO          742    .ARM.Collect$$rtexit$$00000004  c_w.l(rtexit2.o)
    0x08000256   0x00000002   PAD
    0x08000258   0x00000000   Code   RO          578    .emb_text           c_w.l(maybetermalloc1.o)
    0x08000258   0x00000868   Code   RO            4    .text               main.o
    0x08000ac0   0x00000038   Code   RO           67    .text               fput_debug.o
    0x08000af8   0x0000005c   Code   RO          112    .text               startup_stm32f407xx.o
    0x08000b54   0x00000120   Code   RO          119    .text               system_stm32f4xx.o
    0x08000c74   0x00000108   Code   RO          154    .text               arm_cortexM4lf_math.lib(arm_mat_add_f32.o)
    0x08000d7c   0x00000008   Code   RO          206    .text               arm_cortexM4lf_math.lib(arm_mat_init_f32.o)
    0x08000d84   0x00000530   Code   RO          230    .text               arm_cortexM4lf_math.lib(arm_mat_inverse_f32.o)
    0x080012b4   0x0000013c   Code   RO          254    .text               arm_cortexM4lf_math.lib(arm_mat_mult_f32.o)
    0x080013f0   0x00000108   Code   RO          278    .text               arm_cortexM4lf_math.lib(arm_mat_sub_f32.o)
    0x080014f8   0x00000114   Code   RO          302    .text               arm_cortexM4lf_math.lib(arm_mat_trans_f32.o)
    0x0800160c   0x00000084   Code   RO          326    .text               arm_cortexM4lf_math.lib(arm_copy_f32.o)
    0x08001690   0x0000005e   Code   RO          353    .text               c_w.l(h1_alloc.o)
    0x080016ee   0x0000004e   Code   RO          355    .text               c_w.l(h1_free.o)
    0x0800173c   0x00000018   Code   RO          413    .text               c_w.l(noretval__2printf.o)
    0x08001754   0x00000068   Code   RO          415    .text               c_w.l(__printf.o)
    0x080017bc   0x00000078   Code   RO          417    .text               c_w.l(_printf_dec.o)
    0x08001834   0x00000006   Code   RO          442    .text               c_w.l(heapauxi.o)
    0x0800183a   0x00000002   PAD
    0x0800183c   0x00000008   Code   RO          456    .text               c_w.l(rt_heap_descriptor_intlibspace.o)
    0x08001844   0x00000004   Code   RO          458    .text               c_w.l(hguard.o)
    0x08001848   0x0000008a   Code   RO          460    .text               c_w.l(init_alloc.o)
    0x080018d2   0x0000000e   Code   RO          464    .text               c_w.l(h1_init.o)
    0x080018e0   0x000000b2   Code   RO          478    .text               c_w.l(_printf_intcommon.o)
    0x08001992   0x0000041a   Code   RO          480    .text               c_w.l(_printf_fp_dec.o)
    0x08001dac   0x00000024   Code   RO          482    .text               c_w.l(_printf_char_file.o)
    0x08001dd0   0x00000008   Code   RO          553    .text               c_w.l(libspace.o)
    0x08001dd8   0x00000008   Code   RO          574    .text               c_w.l(rt_locale_intlibspace.o)
    0x08001de0   0x00000034   Code   RO          580    .text               c_w.l(h1_extend.o)
    0x08001e14   0x0000008a   Code   RO          584    .text               c_w.l(lludiv10.o)
    0x08001e9e   0x00000002   PAD
    0x08001ea0   0x00000030   Code   RO          586    .text               c_w.l(_printf_char_common.o)
    0x08001ed0   0x00000080   Code   RO          588    .text               c_w.l(_printf_fp_infnan.o)
    0x08001f50   0x000000dc   Code   RO          590    .text               c_w.l(bigflt0.o)
    0x0800202c   0x00000008   Code   RO          615    .text               c_w.l(ferror.o)
    0x08002034   0x00000138   Code   RO          617    .text               c_w.l(initio.o)
    0x0800216c   0x0000000e   Code   RO          626    .text               c_w.l(defsig_rtmem_outer.o)
    0x0800217a   0x00000066   Code   RO          645    .text               c_w.l(sys_io.o)
    0x080021e0   0x00000002   Code   RO          650    .text               c_w.l(use_no_semi.o)
    0x080021e2   0x00000000   Code   RO          652    .text               c_w.l(indicate_semi.o)
    0x080021e2   0x0000004a   Code   RO          653    .text               c_w.l(sys_stackheap_outer.o)
    0x0800222c   0x00000046   Code   RO          661    .text               c_w.l(setvbuf.o)
    0x08002272   0x00000002   PAD
    0x08002274   0x000000ec   Code   RO          664    .text               c_w.l(fopen.o)
    0x08002360   0x0000004c   Code   RO          666    .text               c_w.l(fclose.o)
    0x080023ac   0x0000000c   Code   RO          672    .text               c_w.l(exit.o)
    0x080023b8   0x0000000a   Code   RO          674    .text               c_w.l(defsig_exit.o)
    0x080023c2   0x0000000e   Code   RO          676    .text               c_w.l(defsig_rtred_outer.o)
    0x080023d0   0x00000050   Code   RO          680    .text               c_w.l(defsig_rtmem_inner.o)
    0x08002420   0x0000004e   Code   RO          682    .text               c_w.l(rt_memclr_w.o)
    0x0800246e   0x00000002   PAD
    0x08002470   0x00000080   Code   RO          684    .text               c_w.l(strcmpv7m.o)
    0x080024f0   0x0000000c   Code   RO          715    .text               c_w.l(sys_exit.o)
    0x080024fc   0x00000030   Code   RO          723    .text               c_w.l(_fptrap.o)
    0x0800252c   0x000000f8   Code   RO          725    .text               c_w.l(fseek.o)
    0x08002624   0x000000f0   Code   RO          727    .text               c_w.l(stdio.o)
    0x08002714   0x00000032   Code   RO          731    .text               c_w.l(defsig_general.o)
    0x08002746   0x00000002   PAD
    0x08002748   0x00000034   Code   RO          733    .text               c_w.l(defsig_rtred_inner.o)
    0x0800277c   0x0000003e   Code   RO          735    .text               c_w.l(strlen.o)
    0x080027ba   0x0000000e   Code   RO          737    .text               c_w.l(sys_wrch.o)
    0x080027c8   0x00000042   Code   RO          746    .text               c_w.l(ftell.o)
    0x0800280a   0x0000000e   Code   RO          748    .text               c_w.l(defsig_fpe_outer.o)
    0x08002818   0x00000008   Code   RO          757    .text               c_w.l(rt_errno_addr_intlibspace.o)
    0x08002820   0x000000ac   Code   RO          761    .text               c_w.l(defsig_fpe_inner.o)
    0x080028cc   0x0000003e   Code   RO          593    CL$$btod_d2e        c_w.l(btod.o)
    0x0800290a   0x00000046   Code   RO          595    CL$$btod_d2e_denorm_low  c_w.l(btod.o)
    0x08002950   0x00000060   Code   RO          594    CL$$btod_d2e_norm_op1  c_w.l(btod.o)
    0x080029b0   0x00000338   Code   RO          603    CL$$btod_div_common  c_w.l(btod.o)
    0x08002ce8   0x000000c6   Code   RO          600    CL$$btod_e2e        c_w.l(btod.o)
    0x08002dae   0x00000028   Code   RO          597    CL$$btod_ediv       c_w.l(btod.o)
    0x08002dd6   0x00000028   Code   RO          596    CL$$btod_emul       c_w.l(btod.o)
    0x08002dfe   0x00000244   Code   RO          602    CL$$btod_mult_common  c_w.l(btod.o)
    0x08003042   0x00000030   Code   RO          643    i.__ARM_fpclassify  m_wm.l(fpclassify.o)
    0x08003072   0x00000002   PAD
    0x08003074   0x0000002c   Code   RO          624    locale$$code        c_w.l(lc_numeric_c.o)
    0x080030a0   0x0000001a   Code   RO          542    x$fpl$dfltn         g_wm.l(dflt_clz.o)
    0x080030ba   0x0000000c   Code   RO          546    x$fpl$dretinf       g_wm.l(dretinf.o)
    0x080030c6   0x00000002   PAD
    0x080030c8   0x000001ec   Code   RO          635    x$fpl$exception     g_wm.l(except.o)
    0x080032b4   0x0000007a   Code   RO          446    x$fpl$f2d           g_wm.l(f2d.o)
    0x0800332e   0x000000f2   Code   RO          548    x$fpl$fnaninf       g_wm.l(fnaninf.o)
    0x08003420   0x0000000a   Code   RO          637    x$fpl$fpinit        g_wm.l(fpinit.o)
    0x0800342a   0x0000013c   Code   RO          639    x$fpl$funder        g_wm.l(funder_clz.o)
    0x08003566   0x00000002   PAD
    0x08003568   0x00000020   Code   RO          641    x$fpl$ieeestatus    g_wm.l(istatus.o)
    0x08003588   0x00000004   Code   RO          448    x$fpl$printf1       g_wm.l(printf1.o)
    0x0800358c   0x000000b2   Code   RO          711    x$fpl$retnan        g_wm.l(retnan.o)
    0x0800363e   0x0000007e   Code   RO          713    x$fpl$trapveneer    g_wm.l(trapv.o)
    0x080036bc   0x00000000   Code   RO          550    x$fpl$usenofp       g_wm.l(usenofp.o)
    0x080036bc   0x00000044   Data   RO            6    .constdata          main.o
    0x08003700   0x00000010   Data   RO          120    .constdata          system_stm32f4xx.o
    0x08003710   0x00000094   Data   RO          591    .constdata          c_w.l(bigflt0.o)
    0x080037a4   0x00000004   Data   RO          646    .constdata          c_w.l(sys_io.o)
    0x080037a8   0x00000004   Data   RO          647    .constdata          c_w.l(sys_io.o)
    0x080037ac   0x00000004   Data   RO          648    .constdata          c_w.l(sys_io.o)
    0x080037b0   0x00000020   Data   RO          776    Region$$Table       anon$$obj.o
    0x080037d0   0x0000001c   Data   RO          623    locale$$data        c_w.l(lc_numeric_c.o)


    Execution Region RW_IRAM1 (Base: 0x20000000, Size: 0x000007d0, Max: 0x00020000, ABSOLUTE)

    Base Addr    Size         Type   Attr      Idx    E Section Name        Object

    0x20000000   0x00000004   Data   RW          121    .data               system_stm32f4xx.o
    0x20000004   0x00000004   Data   RW          488    .data               c_w.l(stdio_streams.o)
    0x20000008   0x00000004   Data   RW          489    .data               c_w.l(stdio_streams.o)
    0x2000000c   0x00000004   Data   RW          490    .data               c_w.l(stdio_streams.o)
    0x20000010   0x00000060   Zero   RW            5    .bss                main.o
    0x20000070   0x00000054   Zero   RW          485    .bss                c_w.l(stdio_streams.o)
    0x200000c4   0x00000054   Zero   RW          486    .bss                c_w.l(stdio_streams.o)
    0x20000118   0x00000054   Zero   RW          487    .bss                c_w.l(stdio_streams.o)
    0x2000016c   0x00000060   Zero   RW          554    .bss                c_w.l(libspace.o)
    0x200001cc   0x00000004   PAD
    0x200001d0   0x00000200   Zero   RW          110    HEAP                startup_stm32f407xx.o
    0x200003d0   0x00000400   Zero   RW          109    STACK               startup_stm32f407xx.o


==============================================================================

Image component sizes


      Code (inc. data)   RO Data    RW Data    ZI Data      Debug   Object Name

        56          4          0          0          0     218679   fput_debug.o
      2152        152         68          0         96      24608   main.o
        92         32        392          0       1536        880   startup_stm32f407xx.o
       288         32         16          4          0       1651   system_stm32f4xx.o

    ----------------------------------------------------------------------
      2588        220        508          4       1632     245818   Object Totals
         0          0         32          0          0          0   (incl. Generated)
         0          0          0          0          0          0   (incl. Padding)

    ----------------------------------------------------------------------

      Code (inc. data)   RO Data    RW Data    ZI Data      Debug   Library Member Name

       132          0          0          0          0        883   arm_copy_f32.o
       264          0          0          0          0      18178   arm_mat_add_f32.o
         8          0          0          0          0        959   arm_mat_init_f32.o
      1328          4          0          0          0       4742   arm_mat_inverse_f32.o
       316          4          0          0          0       2335   arm_mat_mult_f32.o
       264          0          0          0          0       1786   arm_mat_sub_f32.o
       276          0          0          0          0       2200   arm_mat_trans_f32.o
         8          0          0          0          0         68   __main.o
       104          0          0          0          0         84   __printf.o
         0          0          0          0          0          0   __rtentry.o
        12          0          0          0          0          0   __rtentry2.o
         6          0          0          0          0          0   __rtentry4.o
        52          8          0          0          0          0   __scatter.o
        26          0          0          0          0          0   __scatter_copy.o
        28          0          0          0          0          0   __scatter_zi.o
        48          4          0          0          0         84   _fptrap.o
        48          6          0          0          0         96   _printf_char_common.o
        36          4          0          0          0         80   _printf_char_file.o
       120         16          0          0          0         92   _printf_dec.o
         6          0          0          0          0          0   _printf_f.o
      1050          0          0          0          0        216   _printf_fp_dec.o
       128         16          0          0          0         84   _printf_fp_infnan.o
         6          0          0          0          0          0   _printf_i.o
       178          0          0          0          0         88   _printf_intcommon.o
         0          0          0          0          0          0   _printf_percent.o
         4          0          0          0          0          0   _printf_percent_end.o
       220          4        148          0          0         96   bigflt0.o
      1910        128          0          0          0        672   btod.o
        10          0          0          0          0         68   defsig_exit.o
       172        110          0          0          0         76   defsig_fpe_inner.o
        14          0          0          0          0         80   defsig_fpe_outer.o
        50          0          0          0          0         88   defsig_general.o
        80         58          0          0          0         76   defsig_rtmem_inner.o
        14          0          0          0          0         80   defsig_rtmem_outer.o
        52         38          0          0          0         76   defsig_rtred_inner.o
        14          0          0          0          0         80   defsig_rtred_outer.o
        12          0          0          0          0         72   exit.o
        76          0          0          0          0         88   fclose.o
         8          0          0          0          0         68   ferror.o
       236          4          0          0          0        128   fopen.o
       248          6          0          0          0         84   fseek.o
        66          0          0          0          0         76   ftell.o
        94          0          0          0          0         80   h1_alloc.o
        52          0          0          0          0         68   h1_extend.o
        78          0          0          0          0         80   h1_free.o
        14          0          0          0          0         84   h1_init.o
         6          0          0          0          0        152   heapauxi.o
         4          0          0          0          0        136   hguard.o
         0          0          0          0          0          0   indicate_semi.o
       138          0          0          0          0        168   init_alloc.o
       312         46          0          0          0        112   initio.o
        44         10         28          0          0         76   lc_numeric_c.o
         2          0          0          0          0          0   libinit.o
        34          0          0          0          0          0   libinit2.o
         2          0          0          0          0          0   libshutdown.o
         6          0          0          0          0          0   libshutdown2.o
         8          4          0          0         96         68   libspace.o
       138          0          0          0          0         80   lludiv10.o
         0          0          0          0          0          0   maybetermalloc1.o
        24          4          0          0          0         84   noretval__2printf.o
         8          4          0          0          0         68   rt_errno_addr_intlibspace.o
         8          4          0          0          0         68   rt_heap_descriptor_intlibspace.o
         8          4          0          0          0         68   rt_locale_intlibspace.o
        78          0          0          0          0         80   rt_memclr_w.o
         2          0          0          0          0          0   rtexit.o
        10          0          0          0          0          0   rtexit2.o
        70          0          0          0          0         80   setvbuf.o
       240          6          0          0          0        156   stdio.o
         0          0          0         12        252          0   stdio_streams.o
       128          0          0          0          0         68   strcmpv7m.o
        62          0          0          0          0         76   strlen.o
        12          4          0          0          0         68   sys_exit.o
       102          0         12          0          0        240   sys_io.o
        74          0          0          0          0         80   sys_stackheap_outer.o
        14          0          0          0          0         76   sys_wrch.o
         2          0          0          0          0         68   use_no_semi.o
        26          0          0          0          0        116   dflt_clz.o
        12          0          0          0          0        116   dretinf.o
       492         36          0          0          0        148   except.o
       122          8          0          0          0        132   f2d.o
       242          4          0          0          0        144   fnaninf.o
        10          0          0          0          0        116   fpinit.o
       316          0          0          0          0        132   funder_clz.o
        32          4          0          0          0        116   istatus.o
         4          0          0          0          0        116   printf1.o
       178          0          0          0          0        116   retnan.o
       126          0          0          0          0        148   trapv.o
         0          0          0          0          0          0   usenofp.o
        48          0          0          0          0        124   fpclassify.o

    ----------------------------------------------------------------------
     11032        548        188         12        352      37791   Library Totals
        20          0          0          0          4          0   (incl. Padding)

    ----------------------------------------------------------------------

      Code (inc. data)   RO Data    RW Data    ZI Data      Debug   Library Name

      2588          8          0          0          0      31083   arm_cortexM4lf_math.lib
      6816        488        188         12        348       5184   c_w.l
      1560         52          0          0          0       1400   g_wm.l
        48          0          0          0          0        124   m_wm.l

    ----------------------------------------------------------------------
     11032        548        188         12        352      37791   Library Totals

    ----------------------------------------------------------------------

==============================================================================


      Code (inc. data)   RO Data    RW Data    ZI Data      Debug   

     13620        768        696         16       1984     279149   Grand Totals
     13620        768        696         16       1984     279149   ELF Image Totals
     13620        768        696         16          0          0   ROM Totals

==============================================================================

    Total RO  Size (Code + RO Data)                14316 (  13.98kB)
    Total RW  Size (RW Data + ZI Data)              2000 (   1.95kB)
    Total ROM Size (Code + RO Data + RW Data)      14332 (  14.00kB)

==============================================================================

