


ARM Macro Assembler    Page 1 


    1 00000000                 AREA             kalman, CODE, READONLY
    2 00000000                 EXPORT           kalmanfilter_ASM
    3 00000000         
    4 00000000         kalmanfilter_asm
    5 00000000 F04F 0119       mov              r1, #25
    6 00000004 F04F 024B       mov              r2, #75
    7 00000008 4411            add              r1, r2, r1
    8 0000000A 4770            bx               lr          ;
    9 0000000C         
   10 0000000C                 end
Command Line: --debug --xref --diag_suppress=9931 --cpu=Cortex-M4.fp --apcs=int
erwork --depend=.\objects\falmanfilter_asm.d -o.\objects\falmanfilter_asm.o -I"
F:\Micro P\Lab1_STM32F4Cube_Base_project\RTE" -IC:\Keil_v5\ARM\PACK\ARM\CMSIS\5
.0.0-Beta4\CMSIS\Include -IC:\Keil_v5\ARM\PACK\Keil\STM32F4xx_DFP\2.9.0\Drivers
\CMSIS\Device\ST\STM32F4xx\Include --predefine="__EVAL SETA 1" --predefine="__U
VISION_VERSION SETA 515" --predefine="_RTE_ SETA 1" --predefine="STM32F407xx SE
TA 1" --list=.\listings\falmanfilter_asm.lst falmanfilter_asm.s
